============================= test session starts =============================
platform win32 -- Python 3.14.2, pytest-9.0.3, pluggy-1.6.0 -- C:\Python314\python.exe
cachedir: .pytest_cache
rootdir: C:\Users\khnfn\OneDrive\Documents\Project\smart-traffic-management-system-01
configfile: pytest.ini
plugins: anyio-4.13.0, asyncio-1.4.0
asyncio: mode=Mode.AUTO, debug=False, asyncio_default_fixture_loop_scope=None, asyncio_default_test_loop_scope=function
collecting ... collected 15 items

tests/test_api_auth.py::test_login_success ERROR                         [  6%]
tests/test_api_auth.py::test_login_invalid_credentials PASSED            [ 13%]
tests/test_api_auth.py::test_protected_endpoint_without_token_is_unauthorized PASSED [ 20%]
tests/test_api_density.py::test_realtime_density_returns_latest_records ERROR [ 26%]
tests/test_api_density.py::test_history_density_requires_management_or_admin ERROR [ 33%]
tests/test_api_density.py::test_history_density_requires_management_or_admin ERROR [ 33%]
tests/test_api_density.py::test_history_density_returns_summary_for_management ERROR [ 40%]
tests/test_api_density.py::test_history_density_invalid_date_range_returns_bad_request ERROR [ 46%]
tests/test_cv_module.py::test_detection_to_dict_and_validation PASSED    [ 53%]
tests/test_cv_module.py::test_detection_is_invalid_for_low_confidence_or_bad_bbox PASSED [ 60%]
tests/test_cv_module.py::test_video_capture_preprocess_transforms_frame PASSED [ 66%]
tests/test_cv_module.py::test_vehicle_detector_classify_and_direction FAILED [ 73%]
tests/test_alert_engine.py::test_check_threshold_returns_true_for_high PASSED [ 80%]
tests/test_alert_engine.py::test_create_alert_payload_contains_expected_fields PASSED [ 86%]
tests/test_alert_engine.py::test_dispatch_calls_backend PASSED           [ 93%]
tests/test_alert_engine.py::test_should_create_alert_only_once_per_density_id PASSED [100%]

=================================== ERRORS ====================================
____________________ ERROR at setup of test_login_success _____________________

fixturedef = <FixtureDef argname='admin_user' scope='function' baseid='tests'>
request = <SubRequest 'admin_user' for <Function test_login_success>>

    @pytest.hookimpl(wrapper=True)
    def pytest_fixture_setup(fixturedef: FixtureDef, request) -> object | None:
        if (
            fixturedef.argname == "event_loop_policy"
            and fixturedef.func.__module__ != __name__
        ):
            warnings.warn(
                PytestDeprecationWarning(_EVENT_LOOP_POLICY_FIXTURE_DEPRECATION_WARNING),
            )
        asyncio_mode = _get_asyncio_mode(request.config)
        if not _is_asyncio_fixture_function(fixturedef.func):
            if asyncio_mode == Mode.STRICT:
                # Ignore async fixtures without explicit asyncio mark in strict mode
                # This applies to pytest_trio fixtures, for example
                return (yield)
            if not _is_coroutine_or_asyncgen(fixturedef.func):
>               return (yield)
                        ^^^^^

..\..\..\..\AppData\Roaming\Python\Python314\site-packages\pytest_asyncio\plugin.py:926: 
_ _ _ _ _ _ _ _ _ _ _ _ _ _ _ _ _ _ _ _ _ _ _ _ _ _ _ _ _ _ _ _ _ _ _ _ _ _ _ _
tests\conftest.py:110: in admin_user
    return create_user("admin", "admin")
           ^^^^^^^^^^^^^^^^^^^^^^^^^^^^^
tests\conftest.py:96: in _create
    password_hash=auth.get_password_hash(password),
                  ^^^^^^^^^^^^^^^^^^^^^^^^^^^^^^^^
layer2_backend\routers\auth.py:64: in get_password_hash
    return pwd_context.hash(password)
           ^^^^^^^^^^^^^^^^^^^^^^^^^^
..\..\..\..\AppData\Roaming\Python\Python314\site-packages\passlib\context.py:2258: in hash
    return record.hash(secret, **kwds)
           ^^^^^^^^^^^^^^^^^^^^^^^^^^^
..\..\..\..\AppData\Roaming\Python\Python314\site-packages\passlib\utils\handlers.py:779: in hash
    self.checksum = self._calc_checksum(secret)
                    ^^^^^^^^^^^^^^^^^^^^^^^^^^^
..\..\..\..\AppData\Roaming\Python\Python314\site-packages\passlib\handlers\bcrypt.py:591: in _calc_checksum
    self._stub_requires_backend()
..\..\..\..\AppData\Roaming\Python\Python314\site-packages\passlib\utils\handlers.py:2254: in _stub_requires_backend
    cls.set_backend()
..\..\..\..\AppData\Roaming\Python\Python314\site-packages\passlib\utils\handlers.py:2156: in set_backend
    return owner.set_backend(name, dryrun=dryrun)
           ^^^^^^^^^^^^^^^^^^^^^^^^^^^^^^^^^^^^^^
..\..\..\..\AppData\Roaming\Python\Python314\site-packages\passlib\utils\handlers.py:2163: in set_backend
    return cls.set_backend(name, dryrun=dryrun)
           ^^^^^^^^^^^^^^^^^^^^^^^^^^^^^^^^^^^^
..\..\..\..\AppData\Roaming\Python\Python314\site-packages\passlib\utils\handlers.py:2188: in set_backend
    cls._set_backend(name, dryrun)
..\..\..\..\AppData\Roaming\Python\Python314\site-packages\passlib\utils\handlers.py:2311: in _set_backend
    super(SubclassBackendMixin, cls)._set_backend(name, dryrun)
..\..\..\..\AppData\Roaming\Python\Python314\site-packages\passlib\utils\handlers.py:2224: in _set_backend
    ok = loader(**kwds)
         ^^^^^^^^^^^^^^
..\..\..\..\AppData\Roaming\Python\Python314\site-packages\passlib\handlers\bcrypt.py:626: in _load_backend_mixin
    return mixin_cls._finalize_backend_mixin(name, dryrun)
           ^^^^^^^^^^^^^^^^^^^^^^^^^^^^^^^^^^^^^^^^^^^^^^^
..\..\..\..\AppData\Roaming\Python\Python314\site-packages\passlib\handlers\bcrypt.py:421: in _finalize_backend_mixin
    if detect_wrap_bug(IDENT_2A):
       ^^^^^^^^^^^^^^^^^^^^^^^^^
..\..\..\..\AppData\Roaming\Python\Python314\site-packages\passlib\handlers\bcrypt.py:380: in detect_wrap_bug
    if verify(secret, bug_hash):
       ^^^^^^^^^^^^^^^^^^^^^^^^
..\..\..\..\AppData\Roaming\Python\Python314\site-packages\passlib\utils\handlers.py:792: in verify
    return consteq(self._calc_checksum(secret), chk)
                   ^^^^^^^^^^^^^^^^^^^^^^^^^^^
_ _ _ _ _ _ _ _ _ _ _ _ _ _ _ _ _ _ _ _ _ _ _ _ _ _ _ _ _ _ _ _ _ _ _ _ _ _ _ _

self = <passlib.handlers.bcrypt._BcryptBackend object at 0x0000010CB15655B0>
secret = b'01234567890123456789012345678901234567890123456789012345678901234567890123456789012345678901234567890123456789012345...7890123456789012345678901234567890123456789012345678901234567890123456789012345678901234567890123456789012345678901234'

    def _calc_checksum(self, secret):
        # bcrypt behavior:
        #   secret must be bytes
        #   config must be ascii bytes
        #   returns ascii bytes
        secret, ident = self._prepare_digest_args(secret)
        config = self._get_config(ident)
        if isinstance(config, unicode):
            config = config.encode("ascii")
>       hash = _bcrypt.hashpw(secret, config)
               ^^^^^^^^^^^^^^^^^^^^^^^^^^^^^^
E       ValueError: password cannot be longer than 72 bytes, truncate manually if necessary (e.g. my_password[:72])

..\..\..\..\AppData\Roaming\Python\Python314\site-packages\passlib\handlers\bcrypt.py:655: ValueError
---------------------------- Captured stdout setup ----------------------------
\u2705 Database tables initialized successfully.
---------------------------- Captured stderr setup ----------------------------
2026-05-28 21:21:16,613 [INFO] stms: \u2705 Background scheduler started (interval: 15 minutes)\n2026-05-28 21:21:16,613 [WARNING] passlib.handlers.bcrypt: (trapped) error reading bcrypt version\nTraceback (most recent call last):\n  File "C:\\Users\\khnfn\\AppData\\Roaming\\Python\\Python314\\site-packages\\passlib\\handlers\\bcrypt.py", line 620, in _load_backend_mixin\n    version = _bcrypt.__about__.__version__\n              ^^^^^^^^^^^^^^^^^\nAttributeError: module 'bcrypt' has no attribute '__about__'
----------------------------- Captured log setup ------------------------------
INFO     stms:main.py:82 \u2705 Background scheduler started (interval: 15 minutes)\nWARNING  passlib.handlers.bcrypt:bcrypt.py:622 (trapped) error reading bcrypt version\nTraceback (most recent call last):\n  File "C:\\Users\\khnfn\\AppData\\Roaming\\Python\\Python314\\site-packages\\passlib\\handlers\\bcrypt.py", line 620, in _load_backend_mixin\n    version = _bcrypt.__about__.__version__\n              ^^^^^^^^^^^^^^^^^\nAttributeError: module 'bcrypt' has no attribute '__about__'
_______ ERROR at setup of test_realtime_density_returns_latest_records ________

fixturedef = <FixtureDef argname='supervisor_user' scope='function' baseid='tests'>
request = <SubRequest 'supervisor_user' for <Function test_realtime_density_returns_latest_records>>

    @pytest.hookimpl(wrapper=True)
    def pytest_fixture_setup(fixturedef: FixtureDef, request) -> object | None:
        if (
            fixturedef.argname == "event_loop_policy"
            and fixturedef.func.__module__ != __name__
        ):
            warnings.warn(
                PytestDeprecationWarning(_EVENT_LOOP_POLICY_FIXTURE_DEPRECATION_WARNING),
            )
        asyncio_mode = _get_asyncio_mode(request.config)
        if not _is_asyncio_fixture_function(fixturedef.func):
            if asyncio_mode == Mode.STRICT:
                # Ignore async fixtures without explicit asyncio mark in strict mode
                # This applies to pytest_trio fixtures, for example
                return (yield)
            if not _is_coroutine_or_asyncgen(fixturedef.func):
>               return (yield)
                        ^^^^^

..\..\..\..\AppData\Roaming\Python\Python314\site-packages\pytest_asyncio\plugin.py:926: 
_ _ _ _ _ _ _ _ _ _ _ _ _ _ _ _ _ _ _ _ _ _ _ _ _ _ _ _ _ _ _ _ _ _ _ _ _ _ _ _
tests\conftest.py:115: in supervisor_user
    return create_user("supervisor", "supervisor")
           ^^^^^^^^^^^^^^^^^^^^^^^^^^^^^^^^^^^^^^^
tests\conftest.py:96: in _create
    password_hash=auth.get_password_hash(password),
                  ^^^^^^^^^^^^^^^^^^^^^^^^^^^^^^^^
layer2_backend\routers\auth.py:64: in get_password_hash
    return pwd_context.hash(password)
           ^^^^^^^^^^^^^^^^^^^^^^^^^^
..\..\..\..\AppData\Roaming\Python\Python314\site-packages\passlib\context.py:2258: in hash
    return record.hash(secret, **kwds)
           ^^^^^^^^^^^^^^^^^^^^^^^^^^^
..\..\..\..\AppData\Roaming\Python\Python314\site-packages\passlib\utils\handlers.py:779: in hash
    self.checksum = self._calc_checksum(secret)
                    ^^^^^^^^^^^^^^^^^^^^^^^^^^^
..\..\..\..\AppData\Roaming\Python\Python314\site-packages\passlib\handlers\bcrypt.py:591: in _calc_checksum
    self._stub_requires_backend()
..\..\..\..\AppData\Roaming\Python\Python314\site-packages\passlib\utils\handlers.py:2254: in _stub_requires_backend
    cls.set_backend()
..\..\..\..\AppData\Roaming\Python\Python314\site-packages\passlib\utils\handlers.py:2156: in set_backend
    return owner.set_backend(name, dryrun=dryrun)
           ^^^^^^^^^^^^^^^^^^^^^^^^^^^^^^^^^^^^^^
..\..\..\..\AppData\Roaming\Python\Python314\site-packages\passlib\utils\handlers.py:2163: in set_backend
    return cls.set_backend(name, dryrun=dryrun)
           ^^^^^^^^^^^^^^^^^^^^^^^^^^^^^^^^^^^^
..\..\..\..\AppData\Roaming\Python\Python314\site-packages\passlib\utils\handlers.py:2188: in set_backend
    cls._set_backend(name, dryrun)
..\..\..\..\AppData\Roaming\Python\Python314\site-packages\passlib\utils\handlers.py:2311: in _set_backend
    super(SubclassBackendMixin, cls)._set_backend(name, dryrun)
..\..\..\..\AppData\Roaming\Python\Python314\site-packages\passlib\utils\handlers.py:2224: in _set_backend
    ok = loader(**kwds)
         ^^^^^^^^^^^^^^
..\..\..\..\AppData\Roaming\Python\Python314\site-packages\passlib\handlers\bcrypt.py:626: in _load_backend_mixin
    return mixin_cls._finalize_backend_mixin(name, dryrun)
           ^^^^^^^^^^^^^^^^^^^^^^^^^^^^^^^^^^^^^^^^^^^^^^^
..\..\..\..\AppData\Roaming\Python\Python314\site-packages\passlib\handlers\bcrypt.py:421: in _finalize_backend_mixin
    if detect_wrap_bug(IDENT_2A):
       ^^^^^^^^^^^^^^^^^^^^^^^^^
..\..\..\..\AppData\Roaming\Python\Python314\site-packages\passlib\handlers\bcrypt.py:380: in detect_wrap_bug
    if verify(secret, bug_hash):
       ^^^^^^^^^^^^^^^^^^^^^^^^
..\..\..\..\AppData\Roaming\Python\Python314\site-packages\passlib\utils\handlers.py:792: in verify
    return consteq(self._calc_checksum(secret), chk)
                   ^^^^^^^^^^^^^^^^^^^^^^^^^^^
_ _ _ _ _ _ _ _ _ _ _ _ _ _ _ _ _ _ _ _ _ _ _ _ _ _ _ _ _ _ _ _ _ _ _ _ _ _ _ _

self = <passlib.handlers.bcrypt._BcryptBackend object at 0x0000010CB1718F50>
secret = b'01234567890123456789012345678901234567890123456789012345678901234567890123456789012345678901234567890123456789012345...7890123456789012345678901234567890123456789012345678901234567890123456789012345678901234567890123456789012345678901234'

    def _calc_checksum(self, secret):
        # bcrypt behavior:
        #   secret must be bytes
        #   config must be ascii bytes
        #   returns ascii bytes
        secret, ident = self._prepare_digest_args(secret)
        config = self._get_config(ident)
        if isinstance(config, unicode):
            config = config.encode("ascii")
>       hash = _bcrypt.hashpw(secret, config)
               ^^^^^^^^^^^^^^^^^^^^^^^^^^^^^^
E       ValueError: password cannot be longer than 72 bytes, truncate manually if necessary (e.g. my_password[:72])

..\..\..\..\AppData\Roaming\Python\Python314\site-packages\passlib\handlers\bcrypt.py:655: ValueError
---------------------------- Captured stdout setup ----------------------------
\u2705 Database tables initialized successfully.
---------------------------- Captured stderr setup ----------------------------
2026-05-28 21:21:16,793 [INFO] stms: \u2705 Background scheduler started (interval: 15 minutes)\n2026-05-28 21:21:16,794 [WARNING] passlib.handlers.bcrypt: (trapped) error reading bcrypt version\nTraceback (most recent call last):\n  File "C:\\Users\\khnfn\\AppData\\Roaming\\Python\\Python314\\site-packages\\passlib\\handlers\\bcrypt.py", line 620, in _load_backend_mixin\n    version = _bcrypt.__about__.__version__\n              ^^^^^^^^^^^^^^^^^\nAttributeError: module 'bcrypt' has no attribute '__about__'
----------------------------- Captured log setup ------------------------------
INFO     stms:main.py:82 \u2705 Background scheduler started (interval: 15 minutes)\nWARNING  passlib.handlers.bcrypt:bcrypt.py:622 (trapped) error reading bcrypt version\nTraceback (most recent call last):\n  File "C:\\Users\\khnfn\\AppData\\Roaming\\Python\\Python314\\site-packages\\passlib\\handlers\\bcrypt.py", line 620, in _load_backend_mixin\n    version = _bcrypt.__about__.__version__\n              ^^^^^^^^^^^^^^^^^\nAttributeError: module 'bcrypt' has no attribute '__about__'
_____ ERROR at setup of test_history_density_requires_management_or_admin _____

fixturedef = <FixtureDef argname='supervisor_user' scope='function' baseid='tests'>
request = <SubRequest 'supervisor_user' for <Function test_history_density_requires_management_or_admin>>

    @pytest.hookimpl(wrapper=True)
    def pytest_fixture_setup(fixturedef: FixtureDef, request) -> object | None:
        if (
            fixturedef.argname == "event_loop_policy"
            and fixturedef.func.__module__ != __name__
        ):
            warnings.warn(
                PytestDeprecationWarning(_EVENT_LOOP_POLICY_FIXTURE_DEPRECATION_WARNING),
            )
        asyncio_mode = _get_asyncio_mode(request.config)
        if not _is_asyncio_fixture_function(fixturedef.func):
            if asyncio_mode == Mode.STRICT:
                # Ignore async fixtures without explicit asyncio mark in strict mode
                # This applies to pytest_trio fixtures, for example
                return (yield)
            if not _is_coroutine_or_asyncgen(fixturedef.func):
>               return (yield)
                        ^^^^^

..\..\..\..\AppData\Roaming\Python\Python314\site-packages\pytest_asyncio\plugin.py:926: 
_ _ _ _ _ _ _ _ _ _ _ _ _ _ _ _ _ _ _ _ _ _ _ _ _ _ _ _ _ _ _ _ _ _ _ _ _ _ _ _
tests\conftest.py:115: in supervisor_user
    return create_user("supervisor", "supervisor")
           ^^^^^^^^^^^^^^^^^^^^^^^^^^^^^^^^^^^^^^^
tests\conftest.py:96: in _create
    password_hash=auth.get_password_hash(password),
                  ^^^^^^^^^^^^^^^^^^^^^^^^^^^^^^^^
layer2_backend\routers\auth.py:64: in get_password_hash
    return pwd_context.hash(password)
           ^^^^^^^^^^^^^^^^^^^^^^^^^^
..\..\..\..\AppData\Roaming\Python\Python314\site-packages\passlib\context.py:2258: in hash
    return record.hash(secret, **kwds)
           ^^^^^^^^^^^^^^^^^^^^^^^^^^^
..\..\..\..\AppData\Roaming\Python\Python314\site-packages\passlib\utils\handlers.py:779: in hash
    self.checksum = self._calc_checksum(secret)
                    ^^^^^^^^^^^^^^^^^^^^^^^^^^^
..\..\..\..\AppData\Roaming\Python\Python314\site-packages\passlib\handlers\bcrypt.py:591: in _calc_checksum
    self._stub_requires_backend()
..\..\..\..\AppData\Roaming\Python\Python314\site-packages\passlib\utils\handlers.py:2254: in _stub_requires_backend
    cls.set_backend()
..\..\..\..\AppData\Roaming\Python\Python314\site-packages\passlib\utils\handlers.py:2156: in set_backend
    return owner.set_backend(name, dryrun=dryrun)
           ^^^^^^^^^^^^^^^^^^^^^^^^^^^^^^^^^^^^^^
..\..\..\..\AppData\Roaming\Python\Python314\site-packages\passlib\utils\handlers.py:2163: in set_backend
    return cls.set_backend(name, dryrun=dryrun)
           ^^^^^^^^^^^^^^^^^^^^^^^^^^^^^^^^^^^^
..\..\..\..\AppData\Roaming\Python\Python314\site-packages\passlib\utils\handlers.py:2188: in set_backend
    cls._set_backend(name, dryrun)
..\..\..\..\AppData\Roaming\Python\Python314\site-packages\passlib\utils\handlers.py:2311: in _set_backend
    super(SubclassBackendMixin, cls)._set_backend(name, dryrun)
..\..\..\..\AppData\Roaming\Python\Python314\site-packages\passlib\utils\handlers.py:2224: in _set_backend
    ok = loader(**kwds)
         ^^^^^^^^^^^^^^
..\..\..\..\AppData\Roaming\Python\Python314\site-packages\passlib\handlers\bcrypt.py:626: in _load_backend_mixin
    return mixin_cls._finalize_backend_mixin(name, dryrun)
           ^^^^^^^^^^^^^^^^^^^^^^^^^^^^^^^^^^^^^^^^^^^^^^^
..\..\..\..\AppData\Roaming\Python\Python314\site-packages\passlib\handlers\bcrypt.py:421: in _finalize_backend_mixin
    if detect_wrap_bug(IDENT_2A):
       ^^^^^^^^^^^^^^^^^^^^^^^^^
..\..\..\..\AppData\Roaming\Python\Python314\site-packages\passlib\handlers\bcrypt.py:380: in detect_wrap_bug
    if verify(secret, bug_hash):
       ^^^^^^^^^^^^^^^^^^^^^^^^
..\..\..\..\AppData\Roaming\Python\Python314\site-packages\passlib\utils\handlers.py:792: in verify
    return consteq(self._calc_checksum(secret), chk)
                   ^^^^^^^^^^^^^^^^^^^^^^^^^^^
_ _ _ _ _ _ _ _ _ _ _ _ _ _ _ _ _ _ _ _ _ _ _ _ _ _ _ _ _ _ _ _ _ _ _ _ _ _ _ _

self = <passlib.handlers.bcrypt._BcryptBackend object at 0x0000010CB1CD6410>
secret = b'01234567890123456789012345678901234567890123456789012345678901234567890123456789012345678901234567890123456789012345...7890123456789012345678901234567890123456789012345678901234567890123456789012345678901234567890123456789012345678901234'

    def _calc_checksum(self, secret):
        # bcrypt behavior:
        #   secret must be bytes
        #   config must be ascii bytes
        #   returns ascii bytes
        secret, ident = self._prepare_digest_args(secret)
        config = self._get_config(ident)
        if isinstance(config, unicode):
            config = config.encode("ascii")
>       hash = _bcrypt.hashpw(secret, config)
               ^^^^^^^^^^^^^^^^^^^^^^^^^^^^^^
E       ValueError: password cannot be longer than 72 bytes, truncate manually if necessary (e.g. my_password[:72])

..\..\..\..\AppData\Roaming\Python\Python314\site-packages\passlib\handlers\bcrypt.py:655: ValueError
---------------------------- Captured stdout setup ----------------------------
\u2705 Database tables initialized successfully.
---------------------------- Captured stderr setup ----------------------------
2026-05-28 21:21:16,938 [INFO] stms: \u2705 Background scheduler started (interval: 15 minutes)\n2026-05-28 21:21:16,938 [WARNING] passlib.handlers.bcrypt: (trapped) error reading bcrypt version\nTraceback (most recent call last):\n  File "C:\\Users\\khnfn\\AppData\\Roaming\\Python\\Python314\\site-packages\\passlib\\handlers\\bcrypt.py", line 620, in _load_backend_mixin\n    version = _bcrypt.__about__.__version__\n              ^^^^^^^^^^^^^^^^^\nAttributeError: module 'bcrypt' has no attribute '__about__'
----------------------------- Captured log setup ------------------------------
INFO     stms:main.py:82 \u2705 Background scheduler started (interval: 15 minutes)\nWARNING  passlib.handlers.bcrypt:bcrypt.py:622 (trapped) error reading bcrypt version\nTraceback (most recent call last):\n  File "C:\\Users\\khnfn\\AppData\\Roaming\\Python\\Python314\\site-packages\\passlib\\handlers\\bcrypt.py", line 620, in _load_backend_mixin\n    version = _bcrypt.__about__.__version__\n              ^^^^^^^^^^^^^^^^^\nAttributeError: module 'bcrypt' has no attribute '__about__'
___ ERROR at teardown of test_history_density_requires_management_or_admin ____

self = <sqlalchemy.engine.base.Connection object at 0x0000010CB16F4050>

    def _rollback_impl(self) -> None:
        if self._has_events or self.engine._has_events:
            self.dispatch.rollback(self)
    
        if self._still_open_and_dbapi_connection_is_valid:
            if self._echo:
                if self._is_autocommit_isolation():
                    if self.dialect.skip_autocommit_rollback:
                        self._log_info(
                            "ROLLBACK will be skipped by "
                            "skip_autocommit_rollback"
                        )
                    else:
                        self._log_info(
                            "ROLLBACK using DBAPI connection.rollback(); "
                            "set skip_autocommit_rollback to prevent fully"
                        )
                else:
                    self._log_info("ROLLBACK")
            try:
>               self.engine.dialect.do_rollback(self.connection)

..\..\..\..\AppData\Roaming\Python\Python314\site-packages\sqlalchemy\engine\base.py:1128: 
_ _ _ _ _ _ _ _ _ _ _ _ _ _ _ _ _ _ _ _ _ _ _ _ _ _ _ _ _ _ _ _ _ _ _ _ _ _ _ _

self = <sqlalchemy.dialects.sqlite.pysqlite.SQLiteDialect_pysqlite object at 0x0000010CB127F8C0>
dbapi_connection = <sqlalchemy.pool.base._ConnectionFairy object at 0x0000010CB1570830>

    def do_rollback(self, dbapi_connection):
        if self.skip_autocommit_rollback and self.detect_autocommit_setting(
            dbapi_connection
        ):
            return
>       dbapi_connection.rollback()
E       sqlite3.ProgrammingError: Cannot operate on a closed database.

..\..\..\..\AppData\Roaming\Python\Python314\site-packages\sqlalchemy\engine\default.py:712: ProgrammingError

The above exception was the direct cause of the following exception:

sqlite_engine = Engine(sqlite:///:memory:)

    @pytest.fixture(scope="function")
    def db_session(sqlite_engine):
        """Provide a SQLAlchemy session wrapped in a rollback transaction for isolation."""
        connection = sqlite_engine.connect()
        transaction = connection.begin()
        SessionTesting = sessionmaker(
            bind=connection,
            autocommit=False,
            autoflush=False
        )
        session = SessionTesting()
        try:
            yield session
        finally:
>           transaction.rollback()

tests\conftest.py:59: 
_ _ _ _ _ _ _ _ _ _ _ _ _ _ _ _ _ _ _ _ _ _ _ _ _ _ _ _ _ _ _ _ _ _ _ _ _ _ _ _
..\..\..\..\AppData\Roaming\Python\Python314\site-packages\sqlalchemy\engine\base.py:2619: in rollback
    self._do_rollback()
..\..\..\..\AppData\Roaming\Python\Python314\site-packages\sqlalchemy\engine\base.py:2738: in _do_rollback
    self._close_impl(try_deactivate=True)
..\..\..\..\AppData\Roaming\Python\Python314\site-packages\sqlalchemy\engine\base.py:2721: in _close_impl
    self._connection_rollback_impl()
..\..\..\..\AppData\Roaming\Python\Python314\site-packages\sqlalchemy\engine\base.py:2713: in _connection_rollback_impl
    self.connection._rollback_impl()
..\..\..\..\AppData\Roaming\Python\Python314\site-packages\sqlalchemy\engine\base.py:1130: in _rollback_impl
    self._handle_dbapi_exception(e, None, None, None, None)
..\..\..\..\AppData\Roaming\Python\Python314\site-packages\sqlalchemy\engine\base.py:2363: in _handle_dbapi_exception
    raise sqlalchemy_exception.with_traceback(exc_info[2]) from e
..\..\..\..\AppData\Roaming\Python\Python314\site-packages\sqlalchemy\engine\base.py:1128: in _rollback_impl
    self.engine.dialect.do_rollback(self.connection)
_ _ _ _ _ _ _ _ _ _ _ _ _ _ _ _ _ _ _ _ _ _ _ _ _ _ _ _ _ _ _ _ _ _ _ _ _ _ _ _

self = <sqlalchemy.dialects.sqlite.pysqlite.SQLiteDialect_pysqlite object at 0x0000010CB127F8C0>
dbapi_connection = <sqlalchemy.pool.base._ConnectionFairy object at 0x0000010CB1570830>

    def do_rollback(self, dbapi_connection):
        if self.skip_autocommit_rollback and self.detect_autocommit_setting(
            dbapi_connection
        ):
            return
>       dbapi_connection.rollback()
E       sqlalchemy.exc.ProgrammingError: (sqlite3.ProgrammingError) Cannot operate on a closed database.
E       (Background on this error at: https://sqlalche.me/e/20/f405)

..\..\..\..\AppData\Roaming\Python\Python314\site-packages\sqlalchemy\engine\default.py:712: ProgrammingError
---------------------------- Captured stdout setup ----------------------------
\u2705 Database tables initialized successfully.
---------------------------- Captured stderr setup ----------------------------
2026-05-28 21:21:16,938 [INFO] stms: \u2705 Background scheduler started (interval: 15 minutes)\n2026-05-28 21:21:16,938 [WARNING] passlib.handlers.bcrypt: (trapped) error reading bcrypt version\nTraceback (most recent call last):\n  File "C:\\Users\\khnfn\\AppData\\Roaming\\Python\\Python314\\site-packages\\passlib\\handlers\\bcrypt.py", line 620, in _load_backend_mixin\n    version = _bcrypt.__about__.__version__\n              ^^^^^^^^^^^^^^^^^\nAttributeError: module 'bcrypt' has no attribute '__about__'
----------------------------- Captured log setup ------------------------------
INFO     stms:main.py:82 \u2705 Background scheduler started (interval: 15 minutes)\nWARNING  passlib.handlers.bcrypt:bcrypt.py:622 (trapped) error reading bcrypt version\nTraceback (most recent call last):\n  File "C:\\Users\\khnfn\\AppData\\Roaming\\Python\\Python314\\site-packages\\passlib\\handlers\\bcrypt.py", line 620, in _load_backend_mixin\n    version = _bcrypt.__about__.__version__\n              ^^^^^^^^^^^^^^^^^\nAttributeError: module 'bcrypt' has no attribute '__about__'
-------------------------- Captured stderr teardown ---------------------------
2026-05-28 21:21:17,079 [INFO] stms: \u2705 Background scheduler stopped
---------------------------- Captured log teardown ----------------------------
INFO     stms:main.py:91 \u2705 Background scheduler stopped
____ ERROR at setup of test_history_density_returns_summary_for_management ____

fixturedef = <FixtureDef argname='management_user' scope='function' baseid='tests'>
request = <SubRequest 'management_user' for <Function test_history_density_returns_summary_for_management>>

    @pytest.hookimpl(wrapper=True)
    def pytest_fixture_setup(fixturedef: FixtureDef, request) -> object | None:
        if (
            fixturedef.argname == "event_loop_policy"
            and fixturedef.func.__module__ != __name__
        ):
            warnings.warn(
                PytestDeprecationWarning(_EVENT_LOOP_POLICY_FIXTURE_DEPRECATION_WARNING),
            )
        asyncio_mode = _get_asyncio_mode(request.config)
        if not _is_asyncio_fixture_function(fixturedef.func):
            if asyncio_mode == Mode.STRICT:
                # Ignore async fixtures without explicit asyncio mark in strict mode
                # This applies to pytest_trio fixtures, for example
                return (yield)
            if not _is_coroutine_or_asyncgen(fixturedef.func):
>               return (yield)
                        ^^^^^

..\..\..\..\AppData\Roaming\Python\Python314\site-packages\pytest_asyncio\plugin.py:926: 
_ _ _ _ _ _ _ _ _ _ _ _ _ _ _ _ _ _ _ _ _ _ _ _ _ _ _ _ _ _ _ _ _ _ _ _ _ _ _ _
tests\conftest.py:120: in management_user
    return create_user("management", "management")
           ^^^^^^^^^^^^^^^^^^^^^^^^^^^^^^^^^^^^^^^
tests\conftest.py:96: in _create
    password_hash=auth.get_password_hash(password),
                  ^^^^^^^^^^^^^^^^^^^^^^^^^^^^^^^^
layer2_backend\routers\auth.py:64: in get_password_hash
    return pwd_context.hash(password)
           ^^^^^^^^^^^^^^^^^^^^^^^^^^
..\..\..\..\AppData\Roaming\Python\Python314\site-packages\passlib\context.py:2258: in hash
    return record.hash(secret, **kwds)
           ^^^^^^^^^^^^^^^^^^^^^^^^^^^
..\..\..\..\AppData\Roaming\Python\Python314\site-packages\passlib\utils\handlers.py:779: in hash
    self.checksum = self._calc_checksum(secret)
                    ^^^^^^^^^^^^^^^^^^^^^^^^^^^
..\..\..\..\AppData\Roaming\Python\Python314\site-packages\passlib\handlers\bcrypt.py:591: in _calc_checksum
    self._stub_requires_backend()
..\..\..\..\AppData\Roaming\Python\Python314\site-packages\passlib\utils\handlers.py:2254: in _stub_requires_backend
    cls.set_backend()
..\..\..\..\AppData\Roaming\Python\Python314\site-packages\passlib\utils\handlers.py:2156: in set_backend
    return owner.set_backend(name, dryrun=dryrun)
           ^^^^^^^^^^^^^^^^^^^^^^^^^^^^^^^^^^^^^^
..\..\..\..\AppData\Roaming\Python\Python314\site-packages\passlib\utils\handlers.py:2163: in set_backend
    return cls.set_backend(name, dryrun=dryrun)
           ^^^^^^^^^^^^^^^^^^^^^^^^^^^^^^^^^^^^
..\..\..\..\AppData\Roaming\Python\Python314\site-packages\passlib\utils\handlers.py:2188: in set_backend
    cls._set_backend(name, dryrun)
..\..\..\..\AppData\Roaming\Python\Python314\site-packages\passlib\utils\handlers.py:2311: in _set_backend
    super(SubclassBackendMixin, cls)._set_backend(name, dryrun)
..\..\..\..\AppData\Roaming\Python\Python314\site-packages\passlib\utils\handlers.py:2224: in _set_backend
    ok = loader(**kwds)
         ^^^^^^^^^^^^^^
..\..\..\..\AppData\Roaming\Python\Python314\site-packages\passlib\handlers\bcrypt.py:626: in _load_backend_mixin
    return mixin_cls._finalize_backend_mixin(name, dryrun)
           ^^^^^^^^^^^^^^^^^^^^^^^^^^^^^^^^^^^^^^^^^^^^^^^
..\..\..\..\AppData\Roaming\Python\Python314\site-packages\passlib\handlers\bcrypt.py:421: in _finalize_backend_mixin
    if detect_wrap_bug(IDENT_2A):
       ^^^^^^^^^^^^^^^^^^^^^^^^^
..\..\..\..\AppData\Roaming\Python\Python314\site-packages\passlib\handlers\bcrypt.py:380: in detect_wrap_bug
    if verify(secret, bug_hash):
       ^^^^^^^^^^^^^^^^^^^^^^^^
..\..\..\..\AppData\Roaming\Python\Python314\site-packages\passlib\utils\handlers.py:792: in verify
    return consteq(self._calc_checksum(secret), chk)
                   ^^^^^^^^^^^^^^^^^^^^^^^^^^^
_ _ _ _ _ _ _ _ _ _ _ _ _ _ _ _ _ _ _ _ _ _ _ _ _ _ _ _ _ _ _ _ _ _ _ _ _ _ _ _

self = <passlib.handlers.bcrypt._BcryptBackend object at 0x0000010CB1716350>
secret = b'01234567890123456789012345678901234567890123456789012345678901234567890123456789012345678901234567890123456789012345...7890123456789012345678901234567890123456789012345678901234567890123456789012345678901234567890123456789012345678901234'

    def _calc_checksum(self, secret):
        # bcrypt behavior:
        #   secret must be bytes
        #   config must be ascii bytes
        #   returns ascii bytes
        secret, ident = self._prepare_digest_args(secret)
        config = self._get_config(ident)
        if isinstance(config, unicode):
            config = config.encode("ascii")
>       hash = _bcrypt.hashpw(secret, config)
               ^^^^^^^^^^^^^^^^^^^^^^^^^^^^^^
E       ValueError: password cannot be longer than 72 bytes, truncate manually if necessary (e.g. my_password[:72])

..\..\..\..\AppData\Roaming\Python\Python314\site-packages\passlib\handlers\bcrypt.py:655: ValueError
---------------------------- Captured stdout setup ----------------------------
\u2705 Database tables initialized successfully.
---------------------------- Captured stderr setup ----------------------------
2026-05-28 21:21:17,217 [INFO] stms: \u2705 Background scheduler started (interval: 15 minutes)\n2026-05-28 21:21:17,217 [WARNING] passlib.handlers.bcrypt: (trapped) error reading bcrypt version\nTraceback (most recent call last):\n  File "C:\\Users\\khnfn\\AppData\\Roaming\\Python\\Python314\\site-packages\\passlib\\handlers\\bcrypt.py", line 620, in _load_backend_mixin\n    version = _bcrypt.__about__.__version__\n              ^^^^^^^^^^^^^^^^^\nAttributeError: module 'bcrypt' has no attribute '__about__'
----------------------------- Captured log setup ------------------------------
INFO     stms:main.py:82 \u2705 Background scheduler started (interval: 15 minutes)\nWARNING  passlib.handlers.bcrypt:bcrypt.py:622 (trapped) error reading bcrypt version\nTraceback (most recent call last):\n  File "C:\\Users\\khnfn\\AppData\\Roaming\\Python\\Python314\\site-packages\\passlib\\handlers\\bcrypt.py", line 620, in _load_backend_mixin\n    version = _bcrypt.__about__.__version__\n              ^^^^^^^^^^^^^^^^^\nAttributeError: module 'bcrypt' has no attribute '__about__'
_ ERROR at setup of test_history_density_invalid_date_range_returns_bad_request _

fixturedef = <FixtureDef argname='management_user' scope='function' baseid='tests'>
request = <SubRequest 'management_user' for <Function test_history_density_invalid_date_range_returns_bad_request>>

    @pytest.hookimpl(wrapper=True)
    def pytest_fixture_setup(fixturedef: FixtureDef, request) -> object | None:
        if (
            fixturedef.argname == "event_loop_policy"
            and fixturedef.func.__module__ != __name__
        ):
            warnings.warn(
                PytestDeprecationWarning(_EVENT_LOOP_POLICY_FIXTURE_DEPRECATION_WARNING),
            )
        asyncio_mode = _get_asyncio_mode(request.config)
        if not _is_asyncio_fixture_function(fixturedef.func):
            if asyncio_mode == Mode.STRICT:
                # Ignore async fixtures without explicit asyncio mark in strict mode
                # This applies to pytest_trio fixtures, for example
                return (yield)
            if not _is_coroutine_or_asyncgen(fixturedef.func):
>               return (yield)
                        ^^^^^

..\..\..\..\AppData\Roaming\Python\Python314\site-packages\pytest_asyncio\plugin.py:926: 
_ _ _ _ _ _ _ _ _ _ _ _ _ _ _ _ _ _ _ _ _ _ _ _ _ _ _ _ _ _ _ _ _ _ _ _ _ _ _ _
tests\conftest.py:120: in management_user
    return create_user("management", "management")
           ^^^^^^^^^^^^^^^^^^^^^^^^^^^^^^^^^^^^^^^
tests\conftest.py:96: in _create
    password_hash=auth.get_password_hash(password),
                  ^^^^^^^^^^^^^^^^^^^^^^^^^^^^^^^^
layer2_backend\routers\auth.py:64: in get_password_hash
    return pwd_context.hash(password)
           ^^^^^^^^^^^^^^^^^^^^^^^^^^
..\..\..\..\AppData\Roaming\Python\Python314\site-packages\passlib\context.py:2258: in hash
    return record.hash(secret, **kwds)
           ^^^^^^^^^^^^^^^^^^^^^^^^^^^
..\..\..\..\AppData\Roaming\Python\Python314\site-packages\passlib\utils\handlers.py:779: in hash
    self.checksum = self._calc_checksum(secret)
                    ^^^^^^^^^^^^^^^^^^^^^^^^^^^
..\..\..\..\AppData\Roaming\Python\Python314\site-packages\passlib\handlers\bcrypt.py:591: in _calc_checksum
    self._stub_requires_backend()
..\..\..\..\AppData\Roaming\Python\Python314\site-packages\passlib\utils\handlers.py:2254: in _stub_requires_backend
    cls.set_backend()
..\..\..\..\AppData\Roaming\Python\Python314\site-packages\passlib\utils\handlers.py:2156: in set_backend
    return owner.set_backend(name, dryrun=dryrun)
           ^^^^^^^^^^^^^^^^^^^^^^^^^^^^^^^^^^^^^^
..\..\..\..\AppData\Roaming\Python\Python314\site-packages\passlib\utils\handlers.py:2163: in set_backend
    return cls.set_backend(name, dryrun=dryrun)
           ^^^^^^^^^^^^^^^^^^^^^^^^^^^^^^^^^^^^
..\..\..\..\AppData\Roaming\Python\Python314\site-packages\passlib\utils\handlers.py:2188: in set_backend
    cls._set_backend(name, dryrun)
..\..\..\..\AppData\Roaming\Python\Python314\site-packages\passlib\utils\handlers.py:2311: in _set_backend
    super(SubclassBackendMixin, cls)._set_backend(name, dryrun)
..\..\..\..\AppData\Roaming\Python\Python314\site-packages\passlib\utils\handlers.py:2224: in _set_backend
    ok = loader(**kwds)
         ^^^^^^^^^^^^^^
..\..\..\..\AppData\Roaming\Python\Python314\site-packages\passlib\handlers\bcrypt.py:626: in _load_backend_mixin
    return mixin_cls._finalize_backend_mixin(name, dryrun)
           ^^^^^^^^^^^^^^^^^^^^^^^^^^^^^^^^^^^^^^^^^^^^^^^
..\..\..\..\AppData\Roaming\Python\Python314\site-packages\passlib\handlers\bcrypt.py:421: in _finalize_backend_mixin
    if detect_wrap_bug(IDENT_2A):
       ^^^^^^^^^^^^^^^^^^^^^^^^^
..\..\..\..\AppData\Roaming\Python\Python314\site-packages\passlib\handlers\bcrypt.py:380: in detect_wrap_bug
    if verify(secret, bug_hash):
       ^^^^^^^^^^^^^^^^^^^^^^^^
..\..\..\..\AppData\Roaming\Python\Python314\site-packages\passlib\utils\handlers.py:792: in verify
    return consteq(self._calc_checksum(secret), chk)
                   ^^^^^^^^^^^^^^^^^^^^^^^^^^^
_ _ _ _ _ _ _ _ _ _ _ _ _ _ _ _ _ _ _ _ _ _ _ _ _ _ _ _ _ _ _ _ _ _ _ _ _ _ _ _

self = <passlib.handlers.bcrypt._BcryptBackend object at 0x0000010CB19C0EC0>
secret = b'01234567890123456789012345678901234567890123456789012345678901234567890123456789012345678901234567890123456789012345...7890123456789012345678901234567890123456789012345678901234567890123456789012345678901234567890123456789012345678901234'

    def _calc_checksum(self, secret):
        # bcrypt behavior:
        #   secret must be bytes
        #   config must be ascii bytes
        #   returns ascii bytes
        secret, ident = self._prepare_digest_args(secret)
        config = self._get_config(ident)
        if isinstance(config, unicode):
            config = config.encode("ascii")
>       hash = _bcrypt.hashpw(secret, config)
               ^^^^^^^^^^^^^^^^^^^^^^^^^^^^^^
E       ValueError: password cannot be longer than 72 bytes, truncate manually if necessary (e.g. my_password[:72])

..\..\..\..\AppData\Roaming\Python\Python314\site-packages\passlib\handlers\bcrypt.py:655: ValueError
---------------------------- Captured stdout setup ----------------------------
\u2705 Database tables initialized successfully.
---------------------------- Captured stderr setup ----------------------------
2026-05-28 21:21:17,364 [INFO] stms: \u2705 Background scheduler started (interval: 15 minutes)\n2026-05-28 21:21:17,365 [WARNING] passlib.handlers.bcrypt: (trapped) error reading bcrypt version\nTraceback (most recent call last):\n  File "C:\\Users\\khnfn\\AppData\\Roaming\\Python\\Python314\\site-packages\\passlib\\handlers\\bcrypt.py", line 620, in _load_backend_mixin\n    version = _bcrypt.__about__.__version__\n              ^^^^^^^^^^^^^^^^^\nAttributeError: module 'bcrypt' has no attribute '__about__'
----------------------------- Captured log setup ------------------------------
INFO     stms:main.py:82 \u2705 Background scheduler started (interval: 15 minutes)\nWARNING  passlib.handlers.bcrypt:bcrypt.py:622 (trapped) error reading bcrypt version\nTraceback (most recent call last):\n  File "C:\\Users\\khnfn\\AppData\\Roaming\\Python\\Python314\\site-packages\\passlib\\handlers\\bcrypt.py", line 620, in _load_backend_mixin\n    version = _bcrypt.__about__.__version__\n              ^^^^^^^^^^^^^^^^^\nAttributeError: module 'bcrypt' has no attribute '__about__'
================================== FAILURES ===================================
________________ test_vehicle_detector_classify_and_direction _________________

monkeypatch = <_pytest.monkeypatch.MonkeyPatch object at 0x0000010CB198B110>

    def test_vehicle_detector_classify_and_direction(monkeypatch):
        """VehicleDetector classify and direction helpers should behave correctly."""
        monkeypatch.setattr(VehicleDetector, "load_model", lambda self: None)
        detector = VehicleDetector("dummy_path")
    
>       assert detector.classify(2) == "Car"
               ^^^^^^^^^^^^^^^^^^^^

tests\test_cv_module.py:68: 
_ _ _ _ _ _ _ _ _ _ _ _ _ _ _ _ _ _ _ _ _ _ _ _ _ _ _ _ _ _ _ _ _ _ _ _ _ _ _ _

self = <layer1_cv.cv_module.VehicleDetector object at 0x0000010CB175B4D0>
class_id = 2

    def classify(self, class_id: int) -> str:
        """Map COCO class_id to vehicle type using Detection.CLASS_MAP."""
>       return Detection.CLASS_MAP.get(class_id, "Unknown")
               ^^^^^^^^^^^^^^^^^^^
E       AttributeError: type object 'Detection' has no attribute 'CLASS_MAP'

layer1_cv\cv_module.py:239: AttributeError
============================== warnings summary ===============================
layer2_backend\models.py:24
  C:\Users\khnfn\OneDrive\Documents\Project\smart-traffic-management-system-01\layer2_backend\models.py:24: MovedIn20Warning: The ``declarative_base()`` function is now available as sqlalchemy.orm.declarative_base(). (deprecated since: 2.0) (Background on SQLAlchemy 2.0 at: https://sqlalche.me/e/b8d9)
    Base = declarative_base()

-- Docs: https://docs.pytest.org/en/stable/how-to/capture-warnings.html
=========================== short test summary info ===========================
FAILED tests/test_cv_module.py::test_vehicle_detector_classify_and_direction
ERROR tests/test_api_auth.py::test_login_success - ValueError: password canno...
ERROR tests/test_api_density.py::test_realtime_density_returns_latest_records
ERROR tests/test_api_density.py::test_history_density_requires_management_or_admin
ERROR tests/test_api_density.py::test_history_density_requires_management_or_admin
ERROR tests/test_api_density.py::test_history_density_returns_summary_for_management
ERROR tests/test_api_density.py::test_history_density_invalid_date_range_returns_bad_request
============== 1 failed, 9 passed, 1 warning, 6 errors in 1.29s ===============
